// Jest Snapshot v1, https://goo.gl/fbAQLP

exports[`<Search /> render() render the Search component 1`] = `
<div
  className="ce-search"
  style={Object {}}
>
  <label
    htmlFor="test"
  >
    test label
  </label>
  <div
    className="ce-search__container"
  >
    <input
      disabled={false}
      id="test"
      name="test"
      onChange={[Function]}
      onKeyPress={[Function]}
      placeholder=""
      type="text"
      value=""
    />
    <button
      className="ce-search__button"
      onClick={[Function]}
      type="button"
    >
      <SystemIcon
        className=""
        color="inverted"
        name="search"
        size="large"
        style={Object {}}
        title=""
      />
    </button>
  </div>
</div>
`;
