// Jest Snapshot v1, https://goo.gl/fbAQLP

exports[`<Modal /> render() render the Modal component 1`] = `<Component />`;
