// Jest Snapshot v1, https://goo.gl/fbAQLP

exports[`<Button /> render() renders the component 1`] = `
<button
  className="ce-button ce-button--default ce-button--large ce-button--primary"
  disabled={false}
  onClick={[Function]}
  type="button"
>
  <span
    className="ce-button__label"
  >
    click me
  </span>
</button>
`;
