// Jest Snapshot v1, https://goo.gl/fbAQLP

exports[`<Textarea /> render() renders the component 1`] = `
<div
  className="ce-textarea"
>
  <label
    className="ce-label"
    htmlFor="textarea"
  >
    Textarea
  </label>
  <textarea
    disabled={false}
    form=""
    id="textarea"
    name="textarea"
    onChange={[Function]}
    placeholder=""
    rows="3"
    value=""
  />
</div>
`;
