// Jest Snapshot v1, https://goo.gl/fbAQLP

exports[`<RadioGroup /> render() render the RadioGroup component 1`] = `
<FormControlGroup
  childProps={Object {}}
  className="ce-radio-group"
  disabled={false}
  errorClass=""
  errorMsg=""
  formId=""
  handleChange={[Function]}
  label="RadioGroup Test Label"
  name="RadioGroup Test Name"
  selectedValues={
    Array [
      "",
    ]
  }
>
  <Radio
    checked={false}
    className=""
    disabled={false}
    isA="radio"
    label="Radio test label"
    value="Radio value here"
  />
</FormControlGroup>
`;
