// Jest Snapshot v1, https://goo.gl/fbAQLP

exports[`Chip /> render() render the Chip 1`] = `
<div
  className="ce-chip"
  style={Object {}}
>
  <label
    className="ce-chip__label"
    htmlFor="_label"
    onClick={[Function]}
  >
    Label
  </label>
</div>
`;
