// Jest Snapshot v1, https://goo.gl/fbAQLP

exports[`<Pagination /> render() renders the component 1`] = `
<nav
  className="ce-pagination"
>
  <ul
    className="ce-pagination__container"
  >
    <li
      className="ce-pagination__arrow"
    >
      <button
        aria-label="Previous Page"
        disabled={false}
        onClick={[Function]}
        title="Previous Page"
        type="button"
      >
        <SystemIcon
          className=""
          color="black"
          name="navigate"
          size="large"
        />
      </button>
    </li>
    <li
      className="ce-pagination__number current-page"
      key="1"
    >
      <button
        onClick={[Function]}
        type="button"
      >
        1
      </button>
    </li>
    <li
      className="ce-pagination__number"
      key="2"
    >
      <button
        onClick={[Function]}
        type="button"
      >
        2
      </button>
    </li>
    <li
      className="ce-pagination__number"
      key="3"
    >
      <button
        onClick={[Function]}
        type="button"
      >
        3
      </button>
    </li>
    <li
      className="ce-pagination__number"
      key="4"
    >
      <button
        onClick={[Function]}
        type="button"
      >
        ...
      </button>
    </li>
    <li
      className="ce-pagination__number"
      key="5"
    >
      <button
        onClick={[Function]}
        type="button"
      >
        10
      </button>
    </li>
    <li
      className="ce-pagination__arrow"
    >
      <button
        aria-label="Next Page"
        disabled={false}
        onClick={[Function]}
        title="Next Page"
        type="button"
      >
        <SystemIcon
          className=""
          color="black"
          name="navigate"
          size="large"
        />
      </button>
    </li>
  </ul>
</nav>
`;
