// Jest Snapshot v1, https://goo.gl/fbAQLP

exports[`<Link /> render() renders the component 1`] = `
<a
  className="ce-link ce-link--lowercase ce-link--primary"
  href="https://app.tallo.com/register"
>
  hyperlink
</a>
`;
